// Jest Snapshot v1, https://goo.gl/fbAQLP

exports[`Storyshots Components | Buttons Default 1`] = `
<div>
  <div
    style={
      Object {
        "position": "relative",
        "zIndex": 0,
      }
    }
  >
    <button
      className="undefined animated-button thar-one"
    >
      Button Text
    </button>
  </div>
  <button
    onClick={[Function]}
    style={
      Object {
        "background": "#AE242B",
        "border": "none",
        "borderRadius": "0 0 0 5px",
        "color": "#fff",
        "cursor": "pointer",
        "display": "block",
        "fontFamily": "inherit",
        "fontSize": ".6rem",
        "minWidth": "100px",
        "padding": "8px 10px",
        "position": "fixed",
        "right": 0,
        "textTransform": "uppercase",
        "top": 0,
        "width": "auto",
      }
    }
    type="button"
  >
    Show Info
  </button>
  <div
    style={
      Object {
        "background": "white",
        "bottom": 0,
        "display": "none",
        "left": 0,
        "overflow": "auto",
        "padding": "0 40px",
        "position": "fixed",
        "right": 0,
        "top": 0,
        "zIndex": 99999,
      }
    }
  >
    <button
      onClick={[Function]}
      style={
        Object {
          "background": "#AE242B",
          "border": "none",
          "borderRadius": "0 0 0 5px",
          "color": "#fff",
          "cursor": "pointer",
          "display": "block",
          "fontFamily": "inherit",
          "fontSize": ".6rem",
          "minWidth": "100px",
          "padding": "8px 10px",
          "position": "fixed",
          "right": 0,
          "textTransform": "uppercase",
          "top": 0,
          "width": "auto",
        }
      }
      type="button"
    >
      Ã—
    </button>
    <div>
      <div
        style={
          Object {
            "WebkitFontSmoothing": "antialiased",
            "backgroundColor": "#fff",
            "border": "1px solid #eee",
            "borderRadius": "2px",
            "color": "#444",
            "fontFamily": "-apple-system, \\".SFNSText-Regular\\", \\"San Francisco\\", BlinkMacSystemFont, \\"Segoe UI\\", \\"Roboto\\", \\"Oxygen\\", \\"Ubuntu\\", \\"Cantarell\\", \\"Fira Sans\\", \\"Droid Sans\\", \\"Helvetica Neue\\", \\"Lucida Grande\\", \\"Arial\\", sans-serif",
            "fontSize": "15px",
            "fontWeight": 300,
            "lineHeight": 1.45,
            "marginBottom": "20px",
            "marginTop": "20px",
            "padding": "20px 40px 40px",
          }
        }
      >
        <div
          style={
            Object {
              "borderBottom": "1px solid #eee",
              "marginBottom": 10,
              "paddingTop": 10,
            }
          }
        >
          <h1
            style={
              Object {
                "fontSize": "35px",
                "margin": 0,
                "padding": 0,
              }
            }
          >
            Components | Buttons
          </h1>
          <h2
            style={
              Object {
                "fontSize": "22px",
                "fontWeight": 400,
                "margin": "0 0 10px 0",
                "padding": 0,
              }
            }
          >
            Default
          </h2>
        </div>
        <div
          style={
            Object {
              "marginBottom": 0,
            }
          }
        >
          <div
            style={
              Object {
                "WebkitFontSmoothing": "antialiased",
                "color": "#444",
                "fontFamily": "-apple-system, \\".SFNSText-Regular\\", \\"San Francisco\\", BlinkMacSystemFont, \\"Segoe UI\\", \\"Roboto\\", \\"Oxygen\\", \\"Ubuntu\\", \\"Cantarell\\", \\"Fira Sans\\", \\"Droid Sans\\", \\"Helvetica Neue\\", \\"Lucida Grande\\", \\"Arial\\", sans-serif",
                "fontSize": "15px",
              }
            }
          >
            Dynamic button component
          </div>
        </div>
        <div>
          <h1
            style={
              Object {
                "borderBottom": "1px solid #EEE",
                "fontSize": "25px",
                "margin": "20px 0 0 0",
                "padding": "0 0 5px 0",
              }
            }
          >
            Story Source
          </h1>
          <pre
            style={
              Object {
                "alignItems": "center",
                "backgroundColor": "#fafafa",
                "display": "flex",
                "fontFamily": "Menlo, Monaco, \\"Courier New\\", monospace",
                "fontSize": ".88em",
                "justifyContent": "space-between",
                "lineHeight": 1.5,
                "overflowX": "scroll",
                "padding": ".5rem",
              }
            }
          >
            <div>
              <div>
                <div
                  style={
                    Object {
                      "paddingLeft": 18,
                      "paddingRight": 3,
                    }
                  }
                >
                  <span
                    style={
                      Object {
                        "color": "#444",
                      }
                    }
                  >
                    &lt;
                    Button
                  </span>
                  <span />
                  <span
                    style={
                      Object {
                        "color": "#444",
                      }
                    }
                  >
                    &gt;
                  </span>
                </div>
                <div
                  style={
                    Object {
                      "paddingLeft": 33,
                      "paddingRight": 3,
                    }
                  }
                >
                  <span
                    style={
                      Object {
                        "color": "#444",
                      }
                    }
                  >
                    Button Text
                  </span>
                </div>
                <div
                  style={
                    Object {
                      "paddingLeft": 18,
                      "paddingRight": 3,
                    }
                  }
                >
                  <span
                    style={
                      Object {
                        "color": "#444",
                      }
                    }
                  >
                    &lt;/
                    Button
                    &gt;
                  </span>
                </div>
              </div>
            </div>
            <button
              onClick={[Function]}
              style={
                Object {
                  "alignSelf": "flex-start",
                  "backgroundColor": "rgb(255, 255, 255)",
                  "borderColor": "rgb(238, 238, 238)",
                  "borderImage": "initial",
                  "borderRadius": "3px",
                  "borderStyle": "solid",
                  "borderWidth": "1px",
                  "cursor": "pointer",
                  "flexShrink": "0",
                  "fontSize": "13px",
                  "overflow": "hidden",
                  "padding": "3px 10px",
                }
              }
              type="button"
            >
              Copy
            </button>
          </pre>
        </div>
        <div>
          <h1
            style={
              Object {
                "borderBottom": "1px solid #EEE",
                "fontSize": "25px",
                "margin": "20px 0 0 0",
                "padding": "0 0 5px 0",
              }
            }
          >
            Prop Types
          </h1>
          <div>
            <h2
              style={
                Object {
                  "margin": "20px 0 0 0",
                }
              }
            >
              "
              Button
              " Component
            </h2>
            <table>
              <thead>
                <tr>
                  <th
                    style={
                      Object {
                        "textAlign": "left",
                        "verticalAlign": "top",
                      }
                    }
                  >
                    property
                  </th>
                  <th
                    style={
                      Object {
                        "textAlign": "left",
                        "verticalAlign": "top",
                      }
                    }
                  >
                    propType
                  </th>
                  <th
                    style={
                      Object {
                        "textAlign": "left",
                        "verticalAlign": "top",
                      }
                    }
                  >
                    required
                  </th>
                  <th
                    style={
                      Object {
                        "textAlign": "left",
                        "verticalAlign": "top",
                      }
                    }
                  >
                    default
                  </th>
                  <th
                    style={
                      Object {
                        "textAlign": "left",
                        "verticalAlign": "top",
                      }
                    }
                  >
                    description
                  </th>
                </tr>
              </thead>
              <tbody>
                <tr>
                  <td
                    style={
                      Object {
                        "paddingRight": 10,
                        "verticalAlign": "top",
                      }
                    }
                  >
                    children
                  </td>
                  <td
                    style={
                      Object {
                        "paddingRight": 10,
                        "verticalAlign": "top",
                      }
                    }
                  >
                    <span>
                      unknown
                    </span>
                  </td>
                  <td
                    style={
                      Object {
                        "paddingRight": 10,
                        "verticalAlign": "top",
                      }
                    }
                  >
                    -
                  </td>
                  <td
                    style={
                      Object {
                        "paddingRight": 10,
                        "verticalAlign": "top",
                      }
                    }
                  >
                    <span
                      style={
                        Object {
                          "color": "#22a",
                          "wordBreak": "break-word",
                        }
                      }
                    >
                      Button Text
                    </span>
                  </td>
                  <td
                    style={
                      Object {
                        "paddingRight": 10,
                        "verticalAlign": "top",
                      }
                    }
                  />
                </tr>
              </tbody>
            </table>
          </div>
        </div>
      </div>
    </div>
  </div>
</div>
`;

exports[`Storyshots Components | Headers h1 1`] = `
<div>
  <div
    style={
      Object {
        "position": "relative",
        "zIndex": 0,
      }
    }
  >
    <h1
      style={
        Object {
          "color": undefined,
          "fontFamily": undefined,
          "fontSize": "3em",
          "textTransform": "uppercase",
          "width": "100%",
        }
      }
    >
      h1
    </h1>
  </div>
  <button
    onClick={[Function]}
    style={
      Object {
        "background": "#AE242B",
        "border": "none",
        "borderRadius": "0 0 0 5px",
        "color": "#fff",
        "cursor": "pointer",
        "display": "block",
        "fontFamily": "inherit",
        "fontSize": ".6rem",
        "minWidth": "100px",
        "padding": "8px 10px",
        "position": "fixed",
        "right": 0,
        "textTransform": "uppercase",
        "top": 0,
        "width": "auto",
      }
    }
    type="button"
  >
    Show Info
  </button>
  <div
    style={
      Object {
        "background": "white",
        "bottom": 0,
        "display": "none",
        "left": 0,
        "overflow": "auto",
        "padding": "0 40px",
        "position": "fixed",
        "right": 0,
        "top": 0,
        "zIndex": 99999,
      }
    }
  >
    <button
      onClick={[Function]}
      style={
        Object {
          "background": "#AE242B",
          "border": "none",
          "borderRadius": "0 0 0 5px",
          "color": "#fff",
          "cursor": "pointer",
          "display": "block",
          "fontFamily": "inherit",
          "fontSize": ".6rem",
          "minWidth": "100px",
          "padding": "8px 10px",
          "position": "fixed",
          "right": 0,
          "textTransform": "uppercase",
          "top": 0,
          "width": "auto",
        }
      }
      type="button"
    >
      Ã—
    </button>
    <div>
      <div
        style={
          Object {
            "WebkitFontSmoothing": "antialiased",
            "backgroundColor": "#fff",
            "border": "1px solid #eee",
            "borderRadius": "2px",
            "color": "#444",
            "fontFamily": "-apple-system, \\".SFNSText-Regular\\", \\"San Francisco\\", BlinkMacSystemFont, \\"Segoe UI\\", \\"Roboto\\", \\"Oxygen\\", \\"Ubuntu\\", \\"Cantarell\\", \\"Fira Sans\\", \\"Droid Sans\\", \\"Helvetica Neue\\", \\"Lucida Grande\\", \\"Arial\\", sans-serif",
            "fontSize": "15px",
            "fontWeight": 300,
            "lineHeight": 1.45,
            "marginBottom": "20px",
            "marginTop": "20px",
            "padding": "20px 40px 40px",
          }
        }
      >
        <div
          style={
            Object {
              "borderBottom": "1px solid #eee",
              "marginBottom": 10,
              "paddingTop": 10,
            }
          }
        >
          <h1
            style={
              Object {
                "fontSize": "35px",
                "margin": 0,
                "padding": 0,
              }
            }
          >
            Components | Headers
          </h1>
          <h2
            style={
              Object {
                "fontSize": "22px",
                "fontWeight": 400,
                "margin": "0 0 10px 0",
                "padding": 0,
              }
            }
          >
            h1
          </h2>
        </div>
        <div
          style={
            Object {
              "marginBottom": 0,
            }
          }
        >
          <div
            style={
              Object {
                "WebkitFontSmoothing": "antialiased",
                "color": "#444",
                "fontFamily": "-apple-system, \\".SFNSText-Regular\\", \\"San Francisco\\", BlinkMacSystemFont, \\"Segoe UI\\", \\"Roboto\\", \\"Oxygen\\", \\"Ubuntu\\", \\"Cantarell\\", \\"Fira Sans\\", \\"Droid Sans\\", \\"Helvetica Neue\\", \\"Lucida Grande\\", \\"Arial\\", sans-serif",
                "fontSize": "15px",
              }
            }
          >
            Design atom for header :: src - components/headers
          </div>
        </div>
        <div>
          <h1
            style={
              Object {
                "borderBottom": "1px solid #EEE",
                "fontSize": "25px",
                "margin": "20px 0 0 0",
                "padding": "0 0 5px 0",
              }
            }
          >
            Story Source
          </h1>
          <pre
            style={
              Object {
                "alignItems": "center",
                "backgroundColor": "#fafafa",
                "display": "flex",
                "fontFamily": "Menlo, Monaco, \\"Courier New\\", monospace",
                "fontSize": ".88em",
                "justifyContent": "space-between",
                "lineHeight": 1.5,
                "overflowX": "scroll",
                "padding": ".5rem",
              }
            }
          >
            <div>
              <div>
                <div
                  style={
                    Object {
                      "paddingLeft": 18,
                      "paddingRight": 3,
                    }
                  }
                >
                  <span
                    style={
                      Object {
                        "color": "#444",
                      }
                    }
                  >
                    &lt;
                    H1
                  </span>
                  <span />
                  <span
                    style={
                      Object {
                        "color": "#444",
                      }
                    }
                  >
                    &gt;
                  </span>
                </div>
                <div
                  style={
                    Object {
                      "paddingLeft": 33,
                      "paddingRight": 3,
                    }
                  }
                >
                  <span
                    style={
                      Object {
                        "color": "#444",
                      }
                    }
                  >
                    h1
                  </span>
                </div>
                <div
                  style={
                    Object {
                      "paddingLeft": 18,
                      "paddingRight": 3,
                    }
                  }
                >
                  <span
                    style={
                      Object {
                        "color": "#444",
                      }
                    }
                  >
                    &lt;/
                    H1
                    &gt;
                  </span>
                </div>
              </div>
            </div>
            <button
              onClick={[Function]}
              style={
                Object {
                  "alignSelf": "flex-start",
                  "backgroundColor": "rgb(255, 255, 255)",
                  "borderColor": "rgb(238, 238, 238)",
                  "borderImage": "initial",
                  "borderRadius": "3px",
                  "borderStyle": "solid",
                  "borderWidth": "1px",
                  "cursor": "pointer",
                  "flexShrink": "0",
                  "fontSize": "13px",
                  "overflow": "hidden",
                  "padding": "3px 10px",
                }
              }
              type="button"
            >
              Copy
            </button>
          </pre>
        </div>
        <div>
          <h1
            style={
              Object {
                "borderBottom": "1px solid #EEE",
                "fontSize": "25px",
                "margin": "20px 0 0 0",
                "padding": "0 0 5px 0",
              }
            }
          >
            Prop Types
          </h1>
          <div>
            <h2
              style={
                Object {
                  "margin": "20px 0 0 0",
                }
              }
            >
              "
              H1
              " Component
            </h2>
            <table>
              <thead>
                <tr>
                  <th
                    style={
                      Object {
                        "textAlign": "left",
                        "verticalAlign": "top",
                      }
                    }
                  >
                    property
                  </th>
                  <th
                    style={
                      Object {
                        "textAlign": "left",
                        "verticalAlign": "top",
                      }
                    }
                  >
                    propType
                  </th>
                  <th
                    style={
                      Object {
                        "textAlign": "left",
                        "verticalAlign": "top",
                      }
                    }
                  >
                    required
                  </th>
                  <th
                    style={
                      Object {
                        "textAlign": "left",
                        "verticalAlign": "top",
                      }
                    }
                  >
                    default
                  </th>
                  <th
                    style={
                      Object {
                        "textAlign": "left",
                        "verticalAlign": "top",
                      }
                    }
                  >
                    description
                  </th>
                </tr>
              </thead>
              <tbody>
                <tr>
                  <td
                    style={
                      Object {
                        "paddingRight": 10,
                        "verticalAlign": "top",
                      }
                    }
                  >
                    children
                  </td>
                  <td
                    style={
                      Object {
                        "paddingRight": 10,
                        "verticalAlign": "top",
                      }
                    }
                  >
                    <span>
                      unknown
                    </span>
                  </td>
                  <td
                    style={
                      Object {
                        "paddingRight": 10,
                        "verticalAlign": "top",
                      }
                    }
                  >
                    -
                  </td>
                  <td
                    style={
                      Object {
                        "paddingRight": 10,
                        "verticalAlign": "top",
                      }
                    }
                  >
                    <span
                      style={
                        Object {
                          "color": "#22a",
                          "wordBreak": "break-word",
                        }
                      }
                    >
                      h1
                    </span>
                  </td>
                  <td
                    style={
                      Object {
                        "paddingRight": 10,
                        "verticalAlign": "top",
                      }
                    }
                  />
                </tr>
              </tbody>
            </table>
          </div>
        </div>
      </div>
    </div>
  </div>
</div>
`;

exports[`Storyshots Components | Headers h2 1`] = `
<div>
  <div
    style={
      Object {
        "position": "relative",
        "zIndex": 0,
      }
    }
  >
    <h2
      style={
        Object {
          "color": undefined,
          "fontFamily": undefined,
          "fontSize": "2em",
          "textTransform": "uppercase",
          "width": "100%",
        }
      }
    >
      h2
    </h2>
  </div>
  <button
    onClick={[Function]}
    style={
      Object {
        "background": "#AE242B",
        "border": "none",
        "borderRadius": "0 0 0 5px",
        "color": "#fff",
        "cursor": "pointer",
        "display": "block",
        "fontFamily": "inherit",
        "fontSize": ".6rem",
        "minWidth": "100px",
        "padding": "8px 10px",
        "position": "fixed",
        "right": 0,
        "textTransform": "uppercase",
        "top": 0,
        "width": "auto",
      }
    }
    type="button"
  >
    Show Info
  </button>
  <div
    style={
      Object {
        "background": "white",
        "bottom": 0,
        "display": "none",
        "left": 0,
        "overflow": "auto",
        "padding": "0 40px",
        "position": "fixed",
        "right": 0,
        "top": 0,
        "zIndex": 99999,
      }
    }
  >
    <button
      onClick={[Function]}
      style={
        Object {
          "background": "#AE242B",
          "border": "none",
          "borderRadius": "0 0 0 5px",
          "color": "#fff",
          "cursor": "pointer",
          "display": "block",
          "fontFamily": "inherit",
          "fontSize": ".6rem",
          "minWidth": "100px",
          "padding": "8px 10px",
          "position": "fixed",
          "right": 0,
          "textTransform": "uppercase",
          "top": 0,
          "width": "auto",
        }
      }
      type="button"
    >
      Ã—
    </button>
    <div>
      <div
        style={
          Object {
            "WebkitFontSmoothing": "antialiased",
            "backgroundColor": "#fff",
            "border": "1px solid #eee",
            "borderRadius": "2px",
            "color": "#444",
            "fontFamily": "-apple-system, \\".SFNSText-Regular\\", \\"San Francisco\\", BlinkMacSystemFont, \\"Segoe UI\\", \\"Roboto\\", \\"Oxygen\\", \\"Ubuntu\\", \\"Cantarell\\", \\"Fira Sans\\", \\"Droid Sans\\", \\"Helvetica Neue\\", \\"Lucida Grande\\", \\"Arial\\", sans-serif",
            "fontSize": "15px",
            "fontWeight": 300,
            "lineHeight": 1.45,
            "marginBottom": "20px",
            "marginTop": "20px",
            "padding": "20px 40px 40px",
          }
        }
      >
        <div
          style={
            Object {
              "borderBottom": "1px solid #eee",
              "marginBottom": 10,
              "paddingTop": 10,
            }
          }
        >
          <h1
            style={
              Object {
                "fontSize": "35px",
                "margin": 0,
                "padding": 0,
              }
            }
          >
            Components | Headers
          </h1>
          <h2
            style={
              Object {
                "fontSize": "22px",
                "fontWeight": 400,
                "margin": "0 0 10px 0",
                "padding": 0,
              }
            }
          >
            h2
          </h2>
        </div>
        <div
          style={
            Object {
              "marginBottom": 0,
            }
          }
        >
          <div
            style={
              Object {
                "WebkitFontSmoothing": "antialiased",
                "color": "#444",
                "fontFamily": "-apple-system, \\".SFNSText-Regular\\", \\"San Francisco\\", BlinkMacSystemFont, \\"Segoe UI\\", \\"Roboto\\", \\"Oxygen\\", \\"Ubuntu\\", \\"Cantarell\\", \\"Fira Sans\\", \\"Droid Sans\\", \\"Helvetica Neue\\", \\"Lucida Grande\\", \\"Arial\\", sans-serif",
                "fontSize": "15px",
              }
            }
          >
            Design atom for header :: src - components/headers
          </div>
        </div>
        <div>
          <h1
            style={
              Object {
                "borderBottom": "1px solid #EEE",
                "fontSize": "25px",
                "margin": "20px 0 0 0",
                "padding": "0 0 5px 0",
              }
            }
          >
            Story Source
          </h1>
          <pre
            style={
              Object {
                "alignItems": "center",
                "backgroundColor": "#fafafa",
                "display": "flex",
                "fontFamily": "Menlo, Monaco, \\"Courier New\\", monospace",
                "fontSize": ".88em",
                "justifyContent": "space-between",
                "lineHeight": 1.5,
                "overflowX": "scroll",
                "padding": ".5rem",
              }
            }
          >
            <div>
              <div>
                <div
                  style={
                    Object {
                      "paddingLeft": 18,
                      "paddingRight": 3,
                    }
                  }
                >
                  <span
                    style={
                      Object {
                        "color": "#444",
                      }
                    }
                  >
                    &lt;
                    H2
                  </span>
                  <span />
                  <span
                    style={
                      Object {
                        "color": "#444",
                      }
                    }
                  >
                    &gt;
                  </span>
                </div>
                <div
                  style={
                    Object {
                      "paddingLeft": 33,
                      "paddingRight": 3,
                    }
                  }
                >
                  <span
                    style={
                      Object {
                        "color": "#444",
                      }
                    }
                  >
                    h2
                  </span>
                </div>
                <div
                  style={
                    Object {
                      "paddingLeft": 18,
                      "paddingRight": 3,
                    }
                  }
                >
                  <span
                    style={
                      Object {
                        "color": "#444",
                      }
                    }
                  >
                    &lt;/
                    H2
                    &gt;
                  </span>
                </div>
              </div>
            </div>
            <button
              onClick={[Function]}
              style={
                Object {
                  "alignSelf": "flex-start",
                  "backgroundColor": "rgb(255, 255, 255)",
                  "borderColor": "rgb(238, 238, 238)",
                  "borderImage": "initial",
                  "borderRadius": "3px",
                  "borderStyle": "solid",
                  "borderWidth": "1px",
                  "cursor": "pointer",
                  "flexShrink": "0",
                  "fontSize": "13px",
                  "overflow": "hidden",
                  "padding": "3px 10px",
                }
              }
              type="button"
            >
              Copy
            </button>
          </pre>
        </div>
        <div>
          <h1
            style={
              Object {
                "borderBottom": "1px solid #EEE",
                "fontSize": "25px",
                "margin": "20px 0 0 0",
                "padding": "0 0 5px 0",
              }
            }
          >
            Prop Types
          </h1>
          <div>
            <h2
              style={
                Object {
                  "margin": "20px 0 0 0",
                }
              }
            >
              "
              H2
              " Component
            </h2>
            <table>
              <thead>
                <tr>
                  <th
                    style={
                      Object {
                        "textAlign": "left",
                        "verticalAlign": "top",
                      }
                    }
                  >
                    property
                  </th>
                  <th
                    style={
                      Object {
                        "textAlign": "left",
                        "verticalAlign": "top",
                      }
                    }
                  >
                    propType
                  </th>
                  <th
                    style={
                      Object {
                        "textAlign": "left",
                        "verticalAlign": "top",
                      }
                    }
                  >
                    required
                  </th>
                  <th
                    style={
                      Object {
                        "textAlign": "left",
                        "verticalAlign": "top",
                      }
                    }
                  >
                    default
                  </th>
                  <th
                    style={
                      Object {
                        "textAlign": "left",
                        "verticalAlign": "top",
                      }
                    }
                  >
                    description
                  </th>
                </tr>
              </thead>
              <tbody>
                <tr>
                  <td
                    style={
                      Object {
                        "paddingRight": 10,
                        "verticalAlign": "top",
                      }
                    }
                  >
                    children
                  </td>
                  <td
                    style={
                      Object {
                        "paddingRight": 10,
                        "verticalAlign": "top",
                      }
                    }
                  >
                    <span>
                      unknown
                    </span>
                  </td>
                  <td
                    style={
                      Object {
                        "paddingRight": 10,
                        "verticalAlign": "top",
                      }
                    }
                  >
                    -
                  </td>
                  <td
                    style={
                      Object {
                        "paddingRight": 10,
                        "verticalAlign": "top",
                      }
                    }
                  >
                    <span
                      style={
                        Object {
                          "color": "#22a",
                          "wordBreak": "break-word",
                        }
                      }
                    >
                      h1
                    </span>
                  </td>
                  <td
                    style={
                      Object {
                        "paddingRight": 10,
                        "verticalAlign": "top",
                      }
                    }
                  />
                </tr>
              </tbody>
            </table>
          </div>
        </div>
      </div>
    </div>
  </div>
</div>
`;

exports[`Storyshots Read Me | Must Read Design tokens 1`] = `
<p>
  designToken.md
</p>
`;
